1     168.414125005  -45.193041513   100.0000
2     172.331009272  -43.533805612   100.0000
3     173.799839057  -42.173776774   100.0000
4     174.561448983  -36.760862877   100.0000
