1     168.414124867  -45.193041392   100.0000
2     172.331009113  -43.533805500   100.0001
3     173.799838980  -42.173776504   100.0037
4     174.561449008  -36.760862734   100.0000
