1     168.414119330  -45.193036553   100.0000
2     172.331002768  -43.533801219   100.0000
3     173.799834002  -42.173772252   100.0000
4     174.561450049  -36.760857021   100.0000
