POINT_1   -2723167.5446  5159061.4020 -2570182.4594
POINT_2   -4947494.0075  3334881.7384 -2247746.1459
POINT_3   -5005686.1000  2988730.7040 -2578311.1998
POINT_4   -4474713.8221  2718475.3198 -3630248.6196
POINT_5   -3562923.9325  4180613.9526 -3230839.2244
POINT_6   -3906859.3605  2557851.6948 -4330208.4924
