1     168.414123228  -45.193039954   100.0000
2     172.331007277  -43.533804234   100.0003
3     173.799837473  -42.173775350   100.0000
4     174.561449316  -36.760861037   100.0000
