POINT_1   -2723167.1022  5159061.3590 -2570182.9324
POINT_2   -4947493.6938  3334881.8628 -2247746.6237
POINT_3   -5005685.7875  2988730.8087 -2578311.6550
POINT_4   -4474713.4631  2718475.3151 -3630249.0198
POINT_5   -3562923.5087  4180613.9163 -3230839.6762
POINT_6   -3906858.9697  2557851.6038 -4330208.8443
