POINT_1   -3235570.7207  6845651.1454   100.5000
POINT_2    -228108.1883  7687512.6705   385.2000
POINT_3     109227.7568  7340454.6992    99.1000
POINT_4     108964.9825  6127883.4084     5.0000
POINT_5   -1688737.3312  6384241.9545     0.0000
POINT_6      -6227.2066  5216905.3167   203.5000
