P1      -4245146.8121  1545107.0962 -4487348.3823
P2        511962.2898  5851755.8490  2476719.3697
P3       6158435.2375   215057.2945 -1640100.0956
P4        555807.1464 -6352905.0100   110568.7977
P5        314727.2402   114551.3508  6347982.0444
P6       1330356.5584        0.0109 -6216936.4641
