1     168.414122397  -45.193039440    99.9982
2     172.331013266  -43.533800820    99.8562
3     173.799817564  -42.173774871    99.8804
4     174.561449436  -36.760860376    99.9970
