P1      -4245146.8107  1545107.0822 -4487348.3980
P2        511962.2919  5851755.8437  2476719.3472
P3       6158435.2415   215057.2924 -1640100.1182
P4        555807.1584 -6352905.0158   110568.7834
P5        314727.2506   114551.3484  6347982.0254
P6       1330356.5597        0.0012 -6216936.4826
