1     168.414123228  -45.193039954   100.0000
2     172.331007309  -43.533804241   100.0006
3     173.799837427  -42.173775510    99.9963
4     174.561449316  -36.760861037   100.0000
