POINT_1   -2557373.8979  7019199.4536   100.5000
POINT_2     397769.0156  7702988.7102   385.2000
POINT_3     719726.9128  7344101.2021    99.1000
POINT_4     657167.0562  6134900.3989     5.0000
POINT_5   -1097667.8863  6491455.9292     0.0000
POINT_6     482640.3733  5235651.7071   203.5000
