1     168.414123401  -45.193040105   100.0000
2     172.331007431  -43.533804360   100.0000
3     173.799837627  -42.173775489   100.0000
4     174.561449284  -36.760861215   100.0000
