1     168.414122371  -45.193039643   100.0000
2     172.331006412  -43.533804281   100.0000
3     173.799836799  -42.173775196   100.0000
4     174.561449501  -36.760860608   100.0000
