BB3L     168 43 26.475812 E   45 17 15.937966 S SS 7K 22 SO 30955
BDQ7     174 43 41.184258 E   41 16 40.896358 S RM IV DP 67708
BDQ8     181 15 34.999025 W   38 17 02.387195 S SS 6K18 SO 32647
BDQ8A    178 44 25.000975 E   38 17 02.387195 S 4    SS 6K18 SO 32647
BDQ9     171 44 53.391243 E   38 17 27.761635 S SS 3J26 SO 32645
NOTNZ    130 44 53.391243 E   20 17 27.761635 S SS 3J26 SO 32645
TEST     170 00 00.000000 E   40 00 00.000000 S Test
**** Error reading data for point TEST2 ****  TEST2  40 80 00.000000 S 170 00 00.000000 E     0.0000 Test
**** Error reading data for point TEST2 ****  TEST2  40 00.000000 S 170 00 00.000000 E     0.0000 Test
**** Error reading data for point TEST ****  TEST   40 00 00.000000 S 170 00 00.000000 E     Test
