P1      -4245146.8123  1545107.0820 -4487348.4056
P2        511962.2922  5851755.8452  2476719.3424
P3       6158435.2441   215057.2917 -1640100.1247
P4        555807.1587 -6352905.0191   110568.7776
P5        314727.2509   114551.3476  6347982.0222
P6       1330356.5603        0.0004 -6216936.4909
