1     168.414119896  -45.193038222   100.0000
2     172.331011446  -43.533799653    99.8571
3     173.799816173  -42.173773664    99.8808
4     174.561449721  -36.760858803    99.9970
