POINT_1    117.82559749  -23.92087541   126.743
POINT_2    146.01676150  -20.77160422   348.618
POINT_3    149.15886847  -24.00144900    65.863
POINT_4    148.71929390  -34.91774272     2.343
POINT_5    130.43788369  -30.63323385    17.254
POINT_6    146.78552756  -43.03311468   225.294
