BB3L    -4408260.121662   878935.513311 -4510014.107008 SS 7K 22 SO 30955
BDQ7    -4780189.054932   441079.712339 -4185868.328455 RM IV DP 67708
BDQ8    -5011890.960528   110210.675814 -3930348.962711 SS 6K18 SO 32647
BDQ8A   -5011890.960528   110210.675814 -3930348.962711 4    SS 6K18 SO 32647
BDQ9    -4960780.208095   719441.184688 -3931010.250120 SS 3J26 SO 32645
NOTNZ   -3906609.508284  4534137.283605 -2198035.317945 SS 3J26 SO 32645
TEST    -4818376.377806   849609.758615 -4077985.572094 Test
**** Error reading data for point TEST2 ****  TEST2  40 80 00.000000 S 170 00 00.000000 E     0.0000 Test
**** Error reading data for point TEST2 ****  TEST2  40 00.000000 S 170 00 00.000000 E     0.0000 Test
**** Error reading data for point TEST ****  TEST   40 00 00.000000 S 170 00 00.000000 E     Test
