1     168.414122856  -45.193039713   100.0003
2     172.331007286  -43.533804074   100.0035
3     173.799837208  -42.173775116   100.0000
4     174.561449371  -36.760860733   100.0000
