1     168.414124995  -45.193041479   100.0000
2     172.331009419  -43.533805234    99.9987
3     173.799841103  -42.173776946   100.0039
4     174.561448963  -36.760862927   100.0000
