POINT_1   -2723167.5519  5159061.3285 -2570182.3928
POINT_2   -4947493.9569  3334881.6322 -2247746.0297
POINT_3   -5005686.0578  2988730.6072 -2578311.0875
POINT_4   -4474713.8249  2718475.2596 -3630248.5307
POINT_5   -3562923.9474  4180613.8881 -3230839.1414
POINT_6   -3906859.3949  2557851.6624 -4330208.4279
