BB3L     2341047.633863  4875684.392487 SS 7K 22 SO 30955
BDQ7     2764716.041433  5391261.528031 RM IV DP 67708
BDQ8     3083447.152557  5750245.028854 SS 6K18 SO 32647
BDQ8A    3083447.152557  5750245.028854 4    SS 6K18 SO 32647
BDQ9     2470243.548009  5694236.290705 SS 3J26 SO 32645
NOTNZ   -2671121.375600  6515463.044645 SS 3J26 SO 32645
TEST     2345381.676808  5482140.137184 Test
**** Error reading data for point TEST2 ****  TEST2  40 80 00.000000 S 170 00 00.000000 E     0.0000 Test
**** Error reading data for point TEST2 ****  TEST2  40 00.000000 S 170 00 00.000000 E     0.0000 Test
**** Error reading data for point TEST ****  TEST   40 00 00.000000 S 170 00 00.000000 E     Test
