1     168.414123013  -45.193039811   100.0002
2     172.331007170  -43.533804119   100.0014
3     173.799837318  -42.173775213   100.0000
4     174.561449349  -36.760860858   100.0000
