1     168.414117924  -45.193036609    99.9977
2     172.331009456  -43.533798270    99.8817
3     173.799834019  -42.173772197    99.9976
4     174.561450045  -36.760857017   100.0000
