1     168.414117924  -45.193036609    99.9977
2     172.331009487  -43.533798278    99.8820
3     173.799833973  -42.173772357    99.9940
4     174.561450045  -36.760857017   100.0000
