POINT_1   -1902401.4903  7150086.1323   100.5000
POINT_2    1022799.3187  7695166.6996   385.2000
POINT_3    1331852.2949  7321582.5181    99.1000
POINT_4    1205965.5519  6108928.9815     5.0000
POINT_5    -514814.5743  6563203.8418     0.0000
POINT_6     971495.0201  5219396.4900   203.5000
