1     168.414119896  -45.193038222   100.0020
2     172.331011446  -43.533799653    99.8832
3     173.799835496  -42.173773762    99.9950
4     174.561449721  -36.760858803   100.0000
