1     168.414123037  -45.193039814   100.0002
2     172.331007195  -43.533804121   100.0014
3     173.799837342  -42.173775214   100.0000
4     174.561449370  -36.760860858   100.0000
