1     168.414122976  -45.193040258   100.0000
2     172.331007137  -43.533804890   100.0000
3     173.799837355  -42.173775781   100.0000
4     174.561449392  -36.760861321   100.0000
