P1      -4245146.8047  1545107.0817 -4487348.3891
P2        511962.2934  5851755.8391  2476719.3495
P3       6158435.2377   215057.2931 -1640100.1120
P4        555807.1599 -6352905.0089   110568.7880
P5        314727.2523   114551.3491  6347982.0242
P6       1330356.5604        0.0021 -6216936.4721
