POINT_1     584164.4470  7354432.1933   100.5000
POINT_2    3620789.7064  7404997.5224   385.2000
POINT_3    3889243.9320  6928798.5373    99.1000
POINT_4    3444634.7193  5639451.5397     5.0000
POINT_5    1793593.5664  6532996.7767     0.0000
POINT_6    2929788.2559  4783454.7237   203.5000
