1     168.414120881  -45.193038130   100.0000
2     172.331004627  -43.533802781   100.0000
3     173.799835429  -42.173773754   100.0000
4     174.561449770  -36.760858851   100.0000
