1     168.414122599  -45.193039555   100.0000
2     172.331013420  -43.533800921    99.8820
3     173.799837079  -42.173774921    99.9982
4     174.561449430  -36.760860519   100.0000
