1     168.414125212  -45.193041695   100.0000
2     172.331009509  -43.533805773   100.0000
3     173.799839242  -42.173776940   100.0000
4     174.561448944  -36.760863091   100.0000
