POINT_1    117.82558576  -23.92088287   126.627
POINT_2    146.01674922  -20.77161253   348.461
POINT_3    149.15885600  -24.00145716    65.774
POINT_4    148.71928094  -34.91774974     2.463
POINT_5    130.43787148  -30.63324086    17.281
POINT_6    146.78551423  -43.03312058   225.551
