1     168.414123013  -45.193039811    99.9982
2     172.331007202  -43.533804127    99.9756
3     173.799817949  -42.173775275    99.8822
4     174.561449349  -36.760860858    99.9970
