1     168.414125202  -45.193041661   100.0000
2     172.331009641  -43.533805402   100.0000
3     173.799840653  -42.173777015   100.0000
4     174.561448924  -36.760863141   100.0000
