P1      -4245146.7955  1545107.0969 -4487348.4259
P2        511962.3191  5851755.8718  2476719.3177
P3       6158435.2732   215057.3139 -1640100.1553
P4        555807.1897 -6352905.0037   110568.7609
P5        314727.2860   114551.3727  6347982.0053
P6       1330356.5799        0.0160 -6216936.5185
