1     168.414122856  -45.193039713   100.0003
2     172.331007317  -43.533804082   100.0038
3     173.799837162  -42.173775276    99.9964
4     174.561449371  -36.760860733   100.0000
