POINT_1    117.82695535  -23.91956429   100.466
POINT_2    146.01787082  -20.77006326   385.133
POINT_3    149.15995972  -23.99988132    99.033
POINT_4    148.72050649  -34.91618535     4.945
POINT_5    130.43925808  -30.63184119    -0.043
POINT_6    146.78691234  -43.03161833   203.454
