1     168.414122821  -45.193040101   100.0000
2     172.331006951  -43.533804734   100.0000
3     173.799837212  -42.173775631   100.0000
4     174.561449420  -36.760861138   100.0000
