P1      -4245146.8221  1545107.0988 -4487348.4204
P2        511962.2900  5851755.8608  2476719.3465
P3       6158435.2498   215057.2943 -1640100.1276
P4        555807.1467 -6352905.0243   110568.7695
P5        314727.2400   114551.3504  6347982.0294
P6       1330356.5604        0.0102 -6216936.5059
