BB3L     -148974.335436  4951657.855262 SS 7K 22 SO 30955
BDQ7      309728.887367  5427889.234599 RM IV DP 67708
BDQ8      652206.143272  5761241.846613 SS 6K18 SO 32647
BDQ8A     652206.143272  5761241.846613 4    SS 6K18 SO 32647
BDQ9       40580.866552  5748824.317056 SS 3J26 SO 32645
NOTNZ   -4764409.088223  6881858.196195 SS 3J26 SO 32645
TEST      -97776.667358  5548706.562750 Test
**** Error reading data for point TEST2 ****  TEST2  40 80 00.000000 S 170 00 00.000000 E     0.0000 Test
**** Error reading data for point TEST2 ****  TEST2  40 00.000000 S 170 00 00.000000 E     0.0000 Test
**** Error reading data for point TEST ****  TEST   40 00 00.000000 S 170 00 00.000000 E     Test
