POINT_1   -4682474.4426  6327728.1405   100.5000
POINT_2   -1503407.6707  7582514.4519   385.2000
POINT_3   -1125017.0083  7252815.4370    99.1000
POINT_4    -993865.6337  6012808.4117     5.0000
POINT_5   -2905752.6176  6044163.9947     0.0000
POINT_6    -985148.1709  5071718.6093   203.5000
