1     168.414123228  -45.193039954    99.9980
2     172.331007309  -43.533804241    99.9744
3     173.799818105  -42.173775413    99.8822
4     174.561449316  -36.760861037    99.9970
