POINT_1    117.82695538  -23.91956400   100.425
POINT_2    146.01787087  -20.77006295   385.093
POINT_3    149.15995977  -23.99988102    98.994
POINT_4    148.72050653  -34.91618508     4.906
POINT_5    130.43925814  -30.63184091    -0.083
POINT_6    146.78691238  -43.03161808   203.416
