1     168.414124729  -45.193041244   100.0000
2     172.331008951  -43.533805372   100.0000
3     173.799838815  -42.173776528   100.0000
4     174.561449072  -36.760862555   100.0000
